<html>
  <head></head>
  <body>
    <h1>This is the layout</h1>
    <h1>This is subdir/subsubdir/foo.md</h1>
  </body>
</html>