<html>
  <head></head>
  <body>
    <h1>layout 3</h1>
  </body>
</html>