<html>
  <head></head>
  <body>
    <h1>This is subdir/page3</h1>
  </body>
</html>