<html>
  <head></head>
  <body>
    <h1>This is the layout</h1>
    <h1>This is subdir/page1</h1>
  </body>
</html>