<html>
  <head></head>
  <body>
    <h2>This is layout 2</h2>
    <h1>This is subdir/page2</h1>
  </body>
</html>