<html>
  <head></head>
  <body>
    <h1>This is the layout</h1>
    <h1>This is the index page</h1>
  </body>
</html>