<html>
  <head></head>
  <body>
    <h1>Top-level</h1>
    <ul>
      <li>/index.html</li>
      <li>/list-two.html</li>
      <li>/page2.html</li>
    </ul>
    <h1>Subdirectory</h1>
    <ul>
      <li>/subdir/page1.html</li>
      <li>/subdir/page2.html</li>
      <li>/subdir/page3.html</li>
    </ul>
    <h1>Sub-subdirectory</h1>
    <ul>
      <li>/subdir/subsubdir/foo.html</li>
    </ul>
    <h1>Data</h1>
    <p>Foo: bar</p>
    <ul>
      <li>Qux: 1</li>
      <li>Qux: 2</li>
    </ul>
    <ul>
      <li>Hello, world</li>
      <li>Good day, universe</li>
    </ul>
  </body>
</html>