<html>
  <head></head>
  <body>
    <h1>This is the layout</h1>
    <h1>Top-level</h1>
    <h2>bar</h2>
    <ul>
      <li>/index.html</li>
      <li>/list-two.html</li>
      <li>/page2.html</li>
    </ul>
  </body>
</html>